// Jest Snapshot v1, https://goo.gl/fbAQLP

exports[`Filters component Filters snapshot 1`] = `
Object {
  "asFragment": [Function],
  "baseElement": <body>
    <div>
      <div
        class="w-full flex gap-md z-20 items-end"
      >
        <div
          class="animation-fade-y animation-delay-3 w-full"
        >
          <div
            class="search w-full"
          >
            <div
              class="relative w-full min-w-[200px] h-11"
            >
              <input
                class="peer w-full h-full bg-transparent text-blue-gray-700 font-sans font-normal outline outline-0 focus:outline-0 disabled:bg-blue-gray-50 disabled:border-0 disabled:cursor-not-allowed transition-all border-b placeholder-shown:border-blue-gray-200 placeholder:opacity-0 focus:placeholder:opacity-100 text-sm pt-4 pb-1.5 !text-white border-white focus:border-white"
                placeholder=" "
              />
              <label
                class="flex w-full h-full select-none pointer-events-none absolute left-0 font-normal !overflow-visible truncate peer-placeholder-shown:text-blue-gray-500 leading-tight peer-focus:leading-tight peer-disabled:text-transparent peer-disabled:peer-placeholder-shown:text-blue-gray-500 transition-all -top-1.5 peer-placeholder-shown:text-sm text-[11px] peer-focus:text-[11px] after:content[''] after:block after:w-full after:absolute after:-bottom-1.5 left-0 after:border-b-2 after:scale-x-0 peer-focus:after:scale-x-100 after:transition-transform after:duration-300 peer-placeholder-shown:leading-[4.25] !text-white peer-focus:text-white after:border-white peer-focus:after:border-white"
              >
                Search characters
                 
              </label>
            </div>
          </div>
        </div>
      </div>
    </div>
  </body>,
  "container": <div>
    <div
      class="w-full flex gap-md z-20 items-end"
    >
      <div
        class="animation-fade-y animation-delay-3 w-full"
      >
        <div
          class="search w-full"
        >
          <div
            class="relative w-full min-w-[200px] h-11"
          >
            <input
              class="peer w-full h-full bg-transparent text-blue-gray-700 font-sans font-normal outline outline-0 focus:outline-0 disabled:bg-blue-gray-50 disabled:border-0 disabled:cursor-not-allowed transition-all border-b placeholder-shown:border-blue-gray-200 placeholder:opacity-0 focus:placeholder:opacity-100 text-sm pt-4 pb-1.5 !text-white border-white focus:border-white"
              placeholder=" "
            />
            <label
              class="flex w-full h-full select-none pointer-events-none absolute left-0 font-normal !overflow-visible truncate peer-placeholder-shown:text-blue-gray-500 leading-tight peer-focus:leading-tight peer-disabled:text-transparent peer-disabled:peer-placeholder-shown:text-blue-gray-500 transition-all -top-1.5 peer-placeholder-shown:text-sm text-[11px] peer-focus:text-[11px] after:content[''] after:block after:w-full after:absolute after:-bottom-1.5 left-0 after:border-b-2 after:scale-x-0 peer-focus:after:scale-x-100 after:transition-transform after:duration-300 peer-placeholder-shown:leading-[4.25] !text-white peer-focus:text-white after:border-white peer-focus:after:border-white"
            >
              Search characters
               
            </label>
          </div>
        </div>
      </div>
    </div>
  </div>,
  "debug": [Function],
  "findAllByAltText": [Function],
  "findAllByDisplayValue": [Function],
  "findAllByLabelText": [Function],
  "findAllByPlaceholderText": [Function],
  "findAllByRole": [Function],
  "findAllByTestId": [Function],
  "findAllByText": [Function],
  "findAllByTitle": [Function],
  "findByAltText": [Function],
  "findByDisplayValue": [Function],
  "findByLabelText": [Function],
  "findByPlaceholderText": [Function],
  "findByRole": [Function],
  "findByTestId": [Function],
  "findByText": [Function],
  "findByTitle": [Function],
  "getAllByAltText": [Function],
  "getAllByDisplayValue": [Function],
  "getAllByLabelText": [Function],
  "getAllByPlaceholderText": [Function],
  "getAllByRole": [Function],
  "getAllByTestId": [Function],
  "getAllByText": [Function],
  "getAllByTitle": [Function],
  "getByAltText": [Function],
  "getByDisplayValue": [Function],
  "getByLabelText": [Function],
  "getByPlaceholderText": [Function],
  "getByRole": [Function],
  "getByTestId": [Function],
  "getByText": [Function],
  "getByTitle": [Function],
  "queryAllByAltText": [Function],
  "queryAllByDisplayValue": [Function],
  "queryAllByLabelText": [Function],
  "queryAllByPlaceholderText": [Function],
  "queryAllByRole": [Function],
  "queryAllByTestId": [Function],
  "queryAllByText": [Function],
  "queryAllByTitle": [Function],
  "queryByAltText": [Function],
  "queryByDisplayValue": [Function],
  "queryByLabelText": [Function],
  "queryByPlaceholderText": [Function],
  "queryByRole": [Function],
  "queryByTestId": [Function],
  "queryByText": [Function],
  "queryByTitle": [Function],
  "rerender": [Function],
  "unmount": [Function],
}
`;
